
> careconnect@0.1.0 build
> set CI=false && react-scripts build

(node:22508) [DEP0176] DeprecationWarning: fs.F_OK is deprecated, use fs.constants.F_OK instead
(Use `node --trace-deprecation ...` to show where the warning was created)
Creating an optimized production build...

Treating warnings as errors because process.env.CI = true.
Most CI servers set it automatically.

Failed to compile.

[eslint] 
src\pages\DonorDashboard.js
  Line 300:9:  'donationHistory' is assigned a value but never used  no-unused-vars


